[sahajshekha.com/index.html]
[external.html]
[backblue.gif]
[fade.gif]
[sahajshekha.com/superpwa-manifest.json]
[index.html]
[sahajshekha.com/wp-includes/js/jquery/jquery.minf43b.js]
[sahajshekha.com/wp-includes/js/jquery/jquery-migrate.min5589.js]
[sahajshekha.com/wp-content/plugins/woocommerce/assets/js/jquery-blockui/jquery.blockUI.mindbbd.js]
[sahajshekha.com/wp-content/plugins/woocommerce/assets/js/frontend/add-to-cart.minab9f.js]
[sahajshekha.com/wp-content/plugins/woocommerce/assets/js/js-cookie/js.cookie.min9da1.js]
[sahajshekha.com/wp-content/plugins/woocommerce/assets/js/frontend/woocommerce.minab9f.js]
[sahajshekha.com/wp-content/plugins/bangladeshi-payment-gateways/assets/public/js/bdpg-public19ce.js]
[sahajshekha.com/wp-content/plugins/tutor-lms-elementor-addons/assets/js/slick.min41fe.js]
[sahajshekha.com/wp-content/plugins/tutor-lms-elementor-addons/assets/js/tutor-elementor41fe.js]
[sahajshekha.com/wp-json/wp/v2/pages/80.json]
[sahajshekha.com/wp-json/index.html]
[sahajshekha.com/xmlrpc0db0.php]
[sahajshekha.com/wp-json/oembed/1.0/embed30fa.json]
[sahajshekha.com/wp-json/oembed/1.0/embedf9e9]
[sahajshekha.com/wp-content/plugins/woocommerce/assets/fonts/Inter-VariableFont_slnt,wght.woff2]
[sahajshekha.com/wp-content/plugins/woocommerce/assets/fonts/cardo_normal_400.woff2]
[sahajshekha.com/wp-content/uploads/2025/02/Sahaj_icon_512_15_kb-100x100.jpg]
[sahajshekha.com/wp-content/uploads/2025/02/Sahaj_icon_512_15_kb-300x300.jpg]
[sahajshekha.com/wp-content/uploads/2025/02/Sahaj-Shekha-logo-25kb.png]
[sahajshekha.com/wp-content/uploads/2025/02/Sahaj-Shekha-banner-image.jpg]
[sahajshekha.com/wp-content/uploads/2025/02/stipen-600px-25kb.jpg]
[sahajshekha.com/wp-content/uploads/2025/02/gift-600px-25kb.jpg]
[sahajshekha.com/courses/index.html]
[sahajshekha.com/gift/index.html]
[sahajshekha.com/cart-2/index.html]
[sahajshekha.com/dashboard/index.html]
[sahajshekha.com/wp-content/uploads/2025/03/Class-8-Math.jpg]
[sahajshekha.com/tutor-login/index.html]
[sahajshekha.com/wp-content/uploads/2025/03/Class-8-Bangla-1.jpg]
[sahajshekha.com/dashboard/enrolled-courses/index.html]
[sahajshekha.com/wp-content/uploads/2025/03/Class-8-ICT.jpg]
[sahajshekha.com/wp-content/uploads/2025/03/Class-8-English-2.jpg]
[sahajshekha.com/wp-content/uploads/2025/03/Class-8-English-1.jpg]
[sahajshekha.com/wp-content/uploads/2025/03/Class-8-B-O-B.jpg]
[sahajshekha.com/wp-content/uploads/2025/03/Class-8-Bangla-2.jpg]
[sahajshekha.com/wp-content/uploads/2025/03/Class-8-Science.jpg]
[sahajshekha.com/product/class-8-online-class/index.html]
[sahajshekha.com/wp-content/uploads/2025/03/Class-9-10-Bangla-2nd.jpg]
[sahajshekha.com/class-9/index.html]
[sahajshekha.com/wp-content/uploads/2025/03/Class-9-10-Bangla.jpg]
[sahajshekha.com/wp-content/uploads/2025/03/Class-9-10-Biology.jpg]
[sahajshekha.com/wp-content/uploads/2025/03/Class-9-10-English-2nd.jpg]
[sahajshekha.com/wp-content/uploads/2025/03/Class-9-10-English.jpg]
[sahajshekha.com/wp-content/uploads/2025/03/Class-9-10-Chemistry.jpg]
[sahajshekha.com/wp-content/uploads/2025/03/Class-9-10-ICT.jpg]
[sahajshekha.com/wp-content/uploads/2025/03/Class-9-10-Science.jpg]
[sahajshekha.com/wp-content/uploads/2025/03/Class-9-10-Higher-Mathe.jpg]
[sahajshekha.com/wp-content/uploads/2025/03/Class-9-10-Math.jpg]
[sahajshekha.com/wp-content/uploads/2025/03/Class-9-10-Physics.jpg]
[sahajshekha.com/wp-content/uploads/2025/02/online-tutorial-300.jpg]
[sahajshekha.com/wp-content/uploads/2025/02/learning-symbolizing-practical-skills-300-10kb.jpg]
[sahajshekha.com/wp-content/uploads/2025/02/scientist-in-the-lab-300-10kb.jpg]
[sahajshekha.com/wp-content/uploads/2025/03/facebook-background-300.jpg]
[sahajshekha.com/class-10/index.html]
[sahajshekha.com/wp-content/uploads/2025/02/smartphone-friendly-300-9kb.jpg]
[sahajshekha.com/wp-content/uploads/2025/03/quiz-300px-12kb.jpg]
[sahajshekha.com/wp-content/uploads/2025/07/Class-9-Common-80kb.jpg]
[sahajshekha.com/wp-content/uploads/2025/02/Sahaj_icon_512_15_kb-150x150.jpg]
[sahajshekha.com/courses/math-and-english-basic-to-advanced-online-class-for-ssc/index.html]
[sahajshekha.com/wp-content/uploads/2025/02/facebook-influencer-background-300x-11kb.jpg]
[sahajshekha.com/profile/sahajwpadmin/indexd527.html]
[sahajshekha.com/wp-content/uploads/2025/02/Quiz-test-300-10kb.jpg]
[sahajshekha.com/wp-content/uploads/2025/02/Sahaj-Shekha-logo-25kb-220x66.png]
[sahajshekha.com/dashboard/retrieve-password/index.html]
[sahajshekha.com/student-registration/index43e0.html]
[sahajshekha.com/wp-content/themes/astra/assets/js/minified/frontend.mine0ed.js]
[sahajshekha.com/wp-content/plugins/super-progressive-web-apps/public/js/register-sw7a58.js]
[sahajshekha.com/wp-content/plugins/super-progressive-web-apps/admin/js/superpwa-ptr-lib.min7a58.js]
[sahajshekha.com/wp-content/plugins/tutor-pro/assets/lib/prism/prism.minee9a.js]
[sahajshekha.com/wp-content/plugins/tutor-pro/assets/lib/prism/scriptee9a.js]
[sahajshekha.com/wp-includes/js/dist/hooks.min4fdd.js]
[sahajshekha.com/wp-includes/js/dist/i18n.minc33c.js]
[sahajshekha.com/wp-content/plugins/tutor-pro/assets/js/front324d.js]
[sahajshekha.com/wp-includes/js/dist/vendor/react.mine1ab.js]
[sahajshekha.com/wp-includes/js/dist/vendor/react-dom.mine1ab.js]
[sahajshekha.com/wp-includes/js/dist/escape-html.min3a9d.js]
[sahajshekha.com/wp-includes/js/dist/element.minfa0f.js]
[sahajshekha.com/wp-content/plugins/tutor/assets/js/tutor.minee9a.js]
[sahajshekha.com/wp-includes/js/quicktags.min6c2d.js]
[sahajshekha.com/wp-includes/js/jquery/ui/core.minb37e.js]
[sahajshekha.com/wp-includes/js/jquery/ui/mouse.minb37e.js]
[sahajshekha.com/wp-includes/js/jquery/ui/sortable.minb37e.js]
[sahajshekha.com/wp-includes/js/jquery/jquery.ui.touch-punchc682.js]
[sahajshekha.com/wp-content/plugins/tutor/assets/lib/SocialShare/SocialShare.minee9a.js]
[sahajshekha.com/wp-content/plugins/tutor/assets/js/tutor-front.minee9a.js]
[sahajshekha.com/wp-includes/js/jquery/ui/datepicker.minb37e.js]
[sahajshekha.com/wp-content/plugins/tutor-pro/addons/course-bundle/assets/js/commonee9a.js]
[sahajshekha.com/wp-content/plugins/tutor-pro/addons/tutor-notifications/assets/js/registrar324d.js]
[sahajshekha.com/wp-content/plugins/pro-elements/assets/lib/smartmenus/jquery.smartmenus.min1576.js]
[sahajshekha.com/wp-content/plugins/elementor/assets/lib/swiper/v8/swiper.min94a4.js]
[sahajshekha.com/wp-content/plugins/woocommerce/assets/js/sourcebuster/sourcebuster.minab9f.js]
[sahajshekha.com/wp-content/plugins/woocommerce/assets/js/frontend/order-attribution.minab9f.js]
[sahajshekha.com/wp-content/plugins/pro-elements/assets/js/webpack-pro.runtime.mine689.js]
[sahajshekha.com/wp-content/plugins/elementor/assets/js/webpack.runtime.mine689.js]
[sahajshekha.com/wp-content/plugins/elementor/assets/js/frontend-modules.mine689.js]
[sahajshekha.com/wp-content/plugins/pro-elements/assets/js/frontend.mine689.js]
[sahajshekha.com/wp-content/plugins/elementor/assets/js/frontend.mine689.js]
[sahajshekha.com/wp-content/plugins/pro-elements/assets/js/elements-handlers.mine689.js]
[sahajshekha.com/index.html]
[sahajshekha.com/wp-content/themes/astra/assets/css/minified/main.mine0ed.css]
[sahajshekha.com/wp-content/plugins/tutor-pro/assets/lib/codesample/prismee9a.css]
[sahajshekha.com/wp-content/plugins/tutor-pro/assets/css/frontee9a.css]
[sahajshekha.com/wp-content/plugins/tutor/assets/fonts/tutor.woff]
[sahajshekha.com/wp-content/plugins/tutor/assets/fonts/tutor-v2.woff]
[sahajshekha.com/wp-content/plugins/tutor/assets/css/tutor-icon.minee9a.css]
[sahajshekha.com/wp-content/plugins/tutor/assets/css/tutor.minee9a.css]
[sahajshekha.com/wp-content/plugins/tutor/assets/css/tutor-front.minee9a.css]
[sahajshekha.com/wp-content/plugins/tutor/includes/theme-compatibility/astra/assets/css/style6c2d.css]
[sahajshekha.com/wp-content/plugins/tutor-pro/addons/course-bundle/assets/css/frontendee9a.css]
[sahajshekha.com/wp-content/plugins/tutor-pro/addons/course-bundle/assets/css/commonee9a.css]
[sahajshekha.com/wp-content/plugins/tutor-pro/addons/tutor-notifications/assets/css/permission324d.css]
[sahajshekha.com/wp-content/themes/astra/assets/css/minified/compatibility/woocommerce/woocommerce-layout-grid.mine0ed.css]
[sahajshekha.com/wp-content/themes/astra/assets/css/minified/compatibility/woocommerce/woocommerce-smallscreen-grid.mine0ed.css]
[sahajshekha.com/wp-content/plugins/woocommerce/assets/fonts/star.eot]
[sahajshekha.com/wp-content/plugins/woocommerce/assets/fonts/stard41d.eot]
[sahajshekha.com/wp-content/plugins/woocommerce/assets/fonts/star.woff]
[sahajshekha.com/wp-content/plugins/woocommerce/assets/fonts/star.ttf]
[sahajshekha.com/wp-content/plugins/woocommerce/assets/fonts/WooCommerce.eot]
[sahajshekha.com/wp-content/plugins/woocommerce/assets/fonts/WooCommerced41d.eot]
[sahajshekha.com/wp-content/plugins/woocommerce/assets/fonts/WooCommerce.woff]
[sahajshekha.com/wp-content/plugins/woocommerce/assets/fonts/WooCommerce.ttf]
[sahajshekha.com/wp-content/plugins/woocommerce/assets/css/photoswipe/default-skin/default-skin.png]
[sahajshekha.com/wp-content/themes/astra/assets/css/minified/compatibility/woocommerce/woocommerce-grid.mine0ed.css]
[sahajshekha.com/wp-content/plugins/bangladeshi-payment-gateways/assets/public/css/bdpg-public19ce.css]
[sahajshekha.com/wp-content/plugins/woocommerce/assets/css/brandsab9f.css]
[sahajshekha.com/wp-content/plugins/elementor/assets/css/frontend.mine689.css]
[sahajshekha.com/wp-content/plugins/elementor/assets/css/widget-image.mine689.css]
[sahajshekha.com/wp-content/plugins/elementor/assets/css/widget-heading.mine689.css]
[sahajshekha.com/wp-content/plugins/elementor/assets/css/widget-icon-list.mine689.css]
[sahajshekha.com/wp-content/plugins/elementor/assets/css/widget-social-icons.mine689.css]
[sahajshekha.com/wp-content/plugins/elementor/assets/css/conditionals/apple-webkit.mine689.css]
[sahajshekha.com/wp-content/plugins/pro-elements/assets/css/widget-nav-menu.mine689.css]
[sahajshekha.com/wp-content/uploads/elementor/css/post-7fe6e.css]
[sahajshekha.com/wp-content/plugins/elementor/assets/lib/swiper/v8/css/swiper.min94a4.css]
[sahajshekha.com/wp-content/plugins/elementor/assets/css/conditionals/e-swiper.mine689.css]
[sahajshekha.com/wp-content/plugins/elementor/assets/css/widget-image-carousel.mine689.css]
[sahajshekha.com/wp-content/plugins/elementor/assets/css/widget-divider.mine689.css]
[sahajshekha.com/wp-content/uploads/elementor/css/post-80fbe9.css]
[sahajshekha.com/wp-content/uploads/elementor/css/post-565fe6e.css]
[sahajshekha.com/wp-content/plugins/tutor-lms-elementor-addons/assets/fonts/fontawesome-webfont3e6e.eot]
[sahajshekha.com/wp-content/plugins/tutor-lms-elementor-addons/assets/fonts/fontawesome-webfontd41d.eot]
[sahajshekha.com/wp-content/plugins/tutor-lms-elementor-addons/assets/fonts/fontawesome-webfont3e6e.woff2]
[sahajshekha.com/wp-content/plugins/tutor-lms-elementor-addons/assets/fonts/fontawesome-webfont3e6e.woff]
[sahajshekha.com/wp-content/plugins/tutor-lms-elementor-addons/assets/fonts/fontawesome-webfont3e6e.ttf]
[sahajshekha.com/wp-content/plugins/tutor-lms-elementor-addons/assets/fonts/fontawesome-webfont.993e6e.delayed]
[sahajshekha.com/wp-content/plugins/tutor-lms-elementor-addons/assets/css/font-awesome.min41fe.css]
[sahajshekha.com/wp-content/plugins/tutor-lms-elementor-addons/assets/css/slick.min41fe.css]
[sahajshekha.com/wp-content/plugins/tutor-lms-elementor-addons/assets/css/slick-theme41fe.css]
[sahajshekha.com/wp-content/plugins/tutor-lms-elementor-addons/assets/css/tutor-elementor.min41fe.css]
[sahajshekha.com/wp-includes/js/tinymce/tinymce.minee9a.js]
[sahajshekha.com/wp-content/plugins/tutor-pro/assets/lib/codesample/prism.minee9a.js]
[sahajshekha.com/wp-content/plugins/tutor-pro/assets/lib/tinymce/code.plugin.minee9a.js]
[sahajshekha.com/courses/index.html]
[sahajshekha.com/wp-content/plugins/woocommerce/assets/js/frontend/country-select.minab9f.js]
[sahajshekha.com/wp-content/plugins/woocommerce/assets/js/frontend/address-i18n.minab9f.js]
[sahajshekha.com/student-registration/index4751.html]
[sahajshekha.com/wp-content/plugins/woocommerce/assets/js/frontend/cart.minab9f.js]
[sahajshekha.com/course-category/school-education/indexf2e2.html]
[sahajshekha.com/wp-content/plugins/woocommerce/assets/js/selectWoo/selectWoo.full.minb6eb.js]
[sahajshekha.com/wp-content/plugins/woocommerce/assets/js/frontend/cart-fragments.minab9f.js]
[sahajshekha.com/wp-json/wp/v2/pages/17.json]
[sahajshekha.com/wp-json/oembed/1.0/embedd894.json]
[sahajshekha.com/wp-json/oembed/1.0/embed1bca]
[sahajshekha.com/cart-2/index.html]
[sahajshekha.com/shop/index.html]
[sahajshekha.com/wp-json/wp/v2/pages/499.json]
[sahajshekha.com/wp-json/oembed/1.0/embedf885.json]
[sahajshekha.com/wp-json/oembed/1.0/embeda4f7]
[sahajshekha.com/gift/index.html]
[sahajshekha.com/wp-includes/js/utils.min6c2d.js]
[sahajshekha.com/wp-includes/js/plupload/moxie.min5035.js]
[sahajshekha.com/wp-includes/js/plupload/plupload.min6c17.js]
[sahajshekha.com/wp-json/wp/v2/pages/9.json]
[sahajshekha.com/wp-json/oembed/1.0/embed0446.json]
[sahajshekha.com/wp-json/oembed/1.0/embeddead]
[sahajshekha.com/wp-includes/js/underscore.min3ab8.js]
[sahajshekha.com/wp-includes/js/shortcode.min6c2d.js]
[sahajshekha.com/wp-includes/js/backbone.minaff7.js]
[sahajshekha.com/student-registration/index83b5.html]
[sahajshekha.com/wp-includes/js/wp-util.min6c2d.js]
[sahajshekha.com/wp-includes/js/wp-backbone.min6c2d.js]
[sahajshekha.com/wp-includes/js/media-models.min6c2d.js]
[sahajshekha.com/wp-includes/js/plupload/wp-plupload.min6c2d.js]
[sahajshekha.com/wp-includes/js/mediaelement/mediaelement-and-player.min1f61.js]
[sahajshekha.com/wp-includes/js/mediaelement/mediaelement-migrate.min6c2d.js]
[sahajshekha.com/wp-includes/js/mediaelement/wp-mediaelement.min6c2d.js]
[sahajshekha.com/wp-includes/js/api-request.min6c2d.js]
[sahajshekha.com/wp-includes/js/dist/dom-ready.min5346.js]
[sahajshekha.com/wp-includes/js/dist/a11y.min3f73.js]
[sahajshekha.com/wp-includes/js/clipboard.min3c89.js]
[sahajshekha.com/wp-includes/js/media-views.min6c2d.js]
[sahajshekha.com/wp-includes/js/media-editor.min6c2d.js]
[sahajshekha.com/wp-includes/js/media-audiovideo.min6c2d.js]
[sahajshekha.com/wp-content/plugins/tutor-pro/addons/tutor-notifications/assets/js/tutor-notifications324d.js]
[sahajshekha.com/dashboard/index.html]
[sahajshekha.com/wp-json/wp/v2/pages/132.json]
[sahajshekha.com/wp-json/oembed/1.0/embed1e32.json]
[sahajshekha.com/wp-json/oembed/1.0/embedd777]
[sahajshekha.com/tutor-login/index.html]
[sahajshekha.com/student-registration/index6e4b.html]
[sahajshekha.com/wp-includes/js/jquery/ui/slider.minb37e.js]
[sahajshekha.com/student-registration/index3bde.html]
[sahajshekha.com/wp-content/plugins/tutor/assets/lib/select2/select2.full.minee9a.js]
[sahajshekha.com/dashboard/enrolled-courses/index.html]
[sahajshekha.com/wp-content/plugins/woocommerce/assets/js/zoom/jquery.zoom.min9938.js]
[sahajshekha.com/wp-content/plugins/woocommerce/assets/js/flexslider/jquery.flexslider.min4bb8.js]
[sahajshekha.com/wp-content/plugins/woocommerce/assets/js/photoswipe/photoswipe.min0278.js]
[sahajshekha.com/wp-content/plugins/woocommerce/assets/js/photoswipe/photoswipe-ui-default.min0278.js]
[sahajshekha.com/wp-content/plugins/woocommerce/assets/js/frontend/single-product.minab9f.js]
[sahajshekha.com/wp-json/wp/v2/product/143.json]
[sahajshekha.com/wp-json/oembed/1.0/embeda265.json]
[sahajshekha.com/wp-json/oembed/1.0/embed6ae8]
[sahajshekha.com/wp-content/uploads/2025/04/Class-8.png]
[sahajshekha.com/wp-content/uploads/2025/04/Class-8-600x369.png]
[sahajshekha.com/wp-content/uploads/2025/04/Class-10-Common-300x300.png]
[sahajshekha.com/product-category/school-education/index.html]
[sahajshekha.com/wp-content/uploads/2025/02/Class-9-Science-300x300.jpg]
[sahajshekha.com/wp-content/uploads/2025/02/Class-10-Science-300x300.jpg]
[sahajshekha.com/product-tag/bangla-math-english/index.html]
[sahajshekha.com/product-tag/best-teachers/index.html]
[sahajshekha.com/wp-content/uploads/2025/04/Class-9-Common-300x300.png]
[sahajshekha.com/product-tag/class-8-course/index.html]
[sahajshekha.com/product-tag/digital-education/index.html]
[sahajshekha.com/wp-includes/js/comment-reply.min6c2d.js]
[sahajshekha.com/product/class-8-online-class/index.html]
[sahajshekha.com/product-tag/e-learning-bangladesh/index.html]
[sahajshekha.com/product-tag/easy-learning/index.html]
[sahajshekha.com/product-tag/education/index.html]
[sahajshekha.com/product-tag/exam-preparation/index.html]
[sahajshekha.com/product-tag/interactive-learning/index.html]
[sahajshekha.com/product-tag/mobile-learning/index.html]
[sahajshekha.com/product-tag/online-learning/index.html]
[sahajshekha.com/product-tag/practical-learning/index.html]
[sahajshekha.com/product-tag/sahaj-shekha/index.html]
[sahajshekha.com/wp-json/wp/v2/pages/665.json]
[sahajshekha.com/product-tag/school-subjects/index.html]
[sahajshekha.com/product-tag/science-learning/index.html]
[sahajshekha.com/product-tag/self-paced-learning/index.html]
[sahajshekha.com/product-tag/smart-study/index.html]
[sahajshekha.com/wp-json/oembed/1.0/embedbb7a.json]
[sahajshekha.com/product-tag/student-support/index.html]
[sahajshekha.com/product-tag/video-lessons/index.html]
[sahajshekha.com/product-tag/study-anytime-anywhere/index.html]
[sahajshekha.com/product/class-9-science-q1/index.html]
[sahajshekha.com/product/class-10-common-q1/index.html]
[sahajshekha.com/product/class-10-science-jan-feb-mar/index.html]
[sahajshekha.com/wp-json/oembed/1.0/embedd232]
[sahajshekha.com/class-9/index.html]
[sahajshekha.com/product/class-9-common-subjects-online-class/index.html]
[sahajshekha.com/student-registration/index4d42.html]
[sahajshekha.com/wp-json/wp/v2/pages/679.json]
[sahajshekha.com/wp-json/oembed/1.0/embedbc02.json]
[sahajshekha.com/wp-json/oembed/1.0/embede6ab]
[sahajshekha.com/class-10/index.html]
[sahajshekha.com/student-registration/index9a15.html]
[sahajshekha.com/wp-json/wp/v2/courses/849.json]
[sahajshekha.com/wp-json/oembed/1.0/embed6aa1.json]
[sahajshekha.com/wp-json/oembed/1.0/embedf2fe]
[sahajshekha.com/courses/math-and-english-basic-to-advanced-online-class-for-ssc/_https_/facebook.com/sahajshekha_facebook.com/sahajshekha/abr]
[sahajshekha.com/courses/math-and-english-basic-to-advanced-online-class-for-ssc/_https_/youtube.com/@sahajshekha_youtube.com/@sahajshekha/a/phr]
[preview.tutorlms.com/certificate-templates/template_3/preview.png]
[sahajshekha.com/courses/math-and-english-basic-to-advanced-online-class-for-ssc/lessons/১ম-অধ্যায়-বাস্তব-সংখ্যা-part-11/index.html]
[sahajshekha.com/courses/math-and-english-basic-to-advanced-online-class-for-ssc/lessons/১ম-অধ্যায়-বাস্তব-সংখ্যা-part-12/index.html]
[sahajshekha.com/wp-content/plugins/tutor/assets/lib/plyr/plyr.polyfilled.minee9a.js]
[sahajshekha.com/courses/math-and-english-basic-to-advanced-online-class-for-ssc/index.html]
[sahajshekha.com/courses/math-and-english-basic-to-advanced-online-class-for-ssc/lessons/১ম-অধ্যায়-বাস্তব-সংখ্যা-part-13/index.html]
[sahajshekha.com/courses/math-and-english-basic-to-advanced-online-class-for-ssc/lessons/unit-1-lesson-2-part-1-3/index.html]
[sahajshekha.com/courses/math-and-english-basic-to-advanced-online-class-for-ssc/lessons/unit-1-lesson-2-part-2-2-2/index.html]
[sahajshekha.com/wp-content/plugins/tutor/assets/images/cover-photo.jpg]
[sahajshekha.com/courses/math-and-english-basic-to-advanced-online-class-for-ssc/lessons/unit-1-lesson-3-part-1-2-2/index.html]
[sahajshekha.com/student-registration/indexfeab.html]
[sahajshekha.com/wp-content/uploads/2025/02/Sahaj_icon_512_15_kb.jpg]
[sahajshekha.com/profile/sahajwpadmin/indexd527.html]
[sahajshekha.com/course-tag/৯ম-শ্রেণীর-অনলাইন-ক্লাস/index.html]
[sahajshekha.com/dashboard/retrieve-password/index.html]
[sahajshekha.com/course-tag/৯ম-শ্রেণীর-ইংরেজি-ক্লাস/index.html]
[sahajshekha.com/course-tag/৯ম-শ্রেণীর-পড়াশোনা/index.html]
[sahajshekha.com/course-tag/৯ম-শ্রেণীর-কোর্স/index.html]
[sahajshekha.com/course-tag/৯ম-শ্রেণীর-গণিত/index.html]
[sahajshekha.com/course-tag/best-online-class-in-bangladesh/index.html]
[sahajshekha.com/wp-json/wp/v2/pages/10.json]
[sahajshekha.com/course-tag/best-online-education-platform-in-bangladesh/index.html]
[sahajshekha.com/course-tag/best-online-school-in-bangladesh/index.html]
[sahajshekha.com/course-tag/best-teachers-class-in-bangladesh/index.html]
[sahajshekha.com/course-tag/class-9-course-in-bangladesh/index.html]
[sahajshekha.com/wp-json/oembed/1.0/embedf665.json]
[sahajshekha.com/course-tag/class-9-english-class/index.html]
[sahajshekha.com/course-tag/class-9-math-online-class/index.html]
[sahajshekha.com/course-tag/class-9-online-class-in-bangladesh/index.html]
[sahajshekha.com/course-tag/class-9-study/index.html]
[sahajshekha.com/course-tag/class-9-study-in-bangladesh/index.html]
[sahajshekha.com/course-tag/digital-education-in-bangladesh/index.html]
[sahajshekha.com/wp-json/oembed/1.0/embedf4eb]
[sahajshekha.com/course-tag/digital-learning-in-bangladesh/index.html]
[sahajshekha.com/student-registration/index43e0.html]
[sahajshekha.com/course-tag/e-learning-bangladesh/index.html]
[sahajshekha.com/course-tag/english-class-for-class-9/index.html]
[sahajshekha.com/wp-content/plugins/woocommerce/assets/client/blocks/wc-blocks2ced.css]
[sahajshekha.com/course-tag/facebook-group-support-in-sahaj-shekha/index.html]
[sahajshekha.com/course-tag/learn-easily-online-in-bangladesh/index.html]
[sahajshekha.com/course-tag/math-class-for-class-9/index.html]
[sahajshekha.com/wp-content/plugins/woocommerce/assets/fonts/star.html]
[sahajshekha.com/course-tag/mobile-learning-in-bangladesh/index.html]
[sahajshekha.com/wp-content/plugins/woocommerce/assets/fonts/stard41d.html]
[sahajshekha.com/course-tag/online-class-bangladesh/index.html]
[sahajshekha.com/wp-content/plugins/woocommerce/assets/fonts/star.svg]
[sahajshekha.com/course-tag/online-class-for-class-9-in-bangladesh/index.html]
[sahajshekha.com/course-tag/online-education-in-bangladesh/index.html]
[sahajshekha.com/course-tag/online-learning-in-bangladesh/index.html]
[sahajshekha.com/wp-content/plugins/woocommerce/assets/fonts/WooCommerce.html]
[sahajshekha.com/course-tag/sohoj-online-class-for-students/index.html]
[sahajshekha.com/wp-content/plugins/woocommerce/assets/fonts/WooCommerced41d.html]
[sahajshekha.com/course-tag/video-class-for-class-9-in-bangladesh/index.html]
[sahajshekha.com/course-tag/অনলাইন-পড়াশোনা/index.html]
[sahajshekha.com/course-tag/study-from-home-in-bangladesh/index.html]
[sahajshekha.com/wp-content/plugins/woocommerce/assets/fonts/WooCommerce.svg]
[sahajshekha.com/course-tag/অনলাইন-শিক্ষা/index.html]
[sahajshekha.com/course-tag/অনলাইন-স্কুল/index.html]
[sahajshekha.com/course-tag/ইংরেজি-ক্লাস/index.html]
[sahajshekha.com/wp-content/plugins/woocommerce/assets/images/icons/loader.svg]
[sahajshekha.com/course-tag/গণিত-ক্লাস/index.html]
[sahajshekha.com/course-tag/ঘরে-বসে-পড়াশোনা/index.html]
[sahajshekha.com/wp-content/plugins/woocommerce/assets/images/icons/credit-cards/visa.svg]
[sahajshekha.com/course-tag/ফেসবুক-গ্রুপ-সাপোর্ট/index.html]
[sahajshekha.com/course-tag/ডিজিটাল-লার্নিং/index.html]
[sahajshekha.com/wp-content/plugins/woocommerce/assets/images/icons/credit-cards/mastercard.svg]
[sahajshekha.com/course-tag/বাংলা-ক্লাস/index.html]
[sahajshekha.com/course-tag/ভিডিও-ক্লাস/index.html]
[sahajshekha.com/wp-content/plugins/woocommerce/assets/images/icons/credit-cards/laser.svg]
[sahajshekha.com/course-tag/মোবাইল-দিয়ে-পড়াশোনা/index.html]
[sahajshekha.com/course-tag/মোবাইলে-পড়াশোনা/index.html]
[sahajshekha.com/wp-content/plugins/woocommerce/assets/images/icons/credit-cards/diners.svg]
[sahajshekha.com/course-tag/শিক্ষার্থীদের-জন্য-অনলাই/index.html]
[sahajshekha.com/course-tag/সহজ-পাঠদান/index.html]
[sahajshekha.com/wp-content/plugins/woocommerce/assets/images/icons/credit-cards/maestro.svg]
[sahajshekha.com/course-tag/সহজ-শেখা/index.html]
[sahajshekha.com/course-tag/সহজে-শিখুন/index.html]
[sahajshekha.com/wp-content/plugins/woocommerce/assets/images/icons/credit-cards/jcb.svg]
[sahajshekha.com/course-tag/সেরা-অনলাইন-ক্লাস/index.html]
[sahajshekha.com/course-tag/সেরা-শিক্ষকদের-ক্লাস/index.html]
[sahajshekha.com/wp-content/plugins/woocommerce/assets/images/icons/credit-cards/amex.svg]
[sahajshekha.com/wp-content/plugins/woocommerce/assets/images/icons/credit-cards/discover.svg]
[sahajshekha.com/wp-content/plugins/tutor-lms-elementor-addons/assets/fonts/fontawesome-webfont3e6e.html]
[sahajshekha.com/wp-content/plugins/tutor-lms-elementor-addons/assets/fonts/fontawesome-webfontd41d.html]
[sahajshekha.com/wp-content/plugins/tutor-lms-elementor-addons/assets/fonts/fontawesome-webfont3e6e-2.html]
[sahajshekha.com/wp-includes/css/dist/block-library/style.min6c2d.css]
[sahajshekha.com/student-registration/index75ed.html]
[sahajshekha.com/student-registration/index.html]
[sahajshekha.com/wp-json/wp/v2/course-category/39.json]
[sahajshekha.com/course-category/school-education/indexf2e2.html]
[sahajshekha.com/student-registration/index4751.html]
[sahajshekha.com/wp-content/plugins/woocommerce/assets/css/select2ab9f.css]
[sahajshekha.com/indexd8eb.html]
[sahajshekha.com/wp-content/uploads/2025/02/Class-9-Common-300x300.jpg]
[sahajshekha.com/wp-content/uploads/2025/04/Class-8-300x300.png]
[sahajshekha.com/student-registration/index192c.html]
[sahajshekha.com/wp-content/uploads/2025/05/Class-9-Common-300x300.png]
[sahajshekha.com/product/১০ম-শ্রেনির-বিজ্ঞান-গ্রু/index.html]
[sahajshekha.com/wp-content/uploads/2025/07/Class-9-Common-80kb-300x300.jpg]
[sahajshekha.com/shop/index.html]
[sahajshekha.com/wp-content/plugins/elementor/assets/css/widget-video.mine689.css]
[sahajshekha.com/wp-content/plugins/pro-elements/assets/css/widget-form.mine689.css]
[sahajshekha.com/wp-content/uploads/elementor/css/post-499d0ec.css]
[sahajshekha.com/indexa862.html]
[sahajshekha.com/wp-includes/css/buttons.min6c2d.css]
[sahajshekha.com/product/basic-to-advanced-math-english-online-class-for-ssc/index.html]
[sahajshekha.com/wp-includes/fonts/dashicons7d4b.eot]
[sahajshekha.com/product/ssc-math-english-online-class/index.html]
[sahajshekha.com/wp-includes/fonts/dashicons7d4b.ttf]
[sahajshekha.com/wp-includes/css/dashicons.min6c2d.css]
[sahajshekha.com/wp-includes/js/mediaelement/mediaelementplayer-legacy.min1f61.css]
[sahajshekha.com/wp-includes/js/mediaelement/wp-mediaelement.min6c2d.css]
[sahajshekha.com/product/math-and-english-basic-to-advanced-online-class-for-ssc/index.html]
[sahajshekha.com/wp-includes/images/uploader-icons.png]
[sahajshekha.com/wp-includes/images/spinner.gif]
[sahajshekha.com/wp-includes/images/uploader-icons-2x.png]
[sahajshekha.com/wp-includes/images/spinner-2x.gif]
[sahajshekha.com/wp-includes/css/media-views.min6c2d.css]
[sahajshekha.com/wp-includes/js/imgareaselect/border-anim-v.gif]
[sahajshekha.com/wp-includes/js/imgareaselect/border-anim-h.gif]
[sahajshekha.com/wp-includes/js/imgareaselect/imgareaselect3bf4.css]
[cdnjs.cloudflare.com/ajax/libs/intl-tel-input/11.0.9/img/flags.png]
[sahajshekha.com/wp-content/plugins/tutor/assets/css/tutor-frontend-dashboard.minee9a.css]
[sahajshekha.com/wp-content/plugins/tutor-pro/addons/tutor-notifications/assets/css/tutor-notifications324d.css]
[sahajshekha.com/indexb5fb.html]
[sahajshekha.com/student-registration/index83b5.html]
[sahajshekha.com/index31a3.html]
[sahajshekha.com/student-registration/index6e4b.html]
[sahajshekha.com/wp-content/plugins/tutor/assets/lib/select2/select2.minee9a.css]
[sahajshekha.com/student-registration/index3bde.html]
[sahajshekha.com/wp-content/plugins/woocommerce/assets/css/photoswipe/photoswipe.minab9f.css]
[cdnjs.cloudflare.com/ajax/libs/intl-tel-input/11.0.9/img/flags@2x.png]
[sahajshekha.com/wp-content/plugins/woocommerce/assets/css/photoswipe/default-skin/preloader.gif]
[sahajshekha.com/wp-content/plugins/woocommerce/assets/css/photoswipe/default-skin/default-skin.minab9f.css]
[sahajshekha.com/indexdc22.html]
[sahajshekha.com/wp-json/wp/v2/product_cat/18.json]
[sahajshekha.com/product-category/school-education/index.html]
[sahajshekha.com/wp-json/wp/v2/product_tag/24.json]
[sahajshekha.com/product-tag/bangla-math-english/index.html]
[sahajshekha.com/wp-json/wp/v2/product_tag/32.json]
[sahajshekha.com/product-tag/best-teachers/index.html]
[sahajshekha.com/wp-json/wp/v2/product_tag/21.json]
[sahajshekha.com/product-tag/class-8-course/index.html]
[sahajshekha.com/wp-json/wp/v2/product_tag/26.json]
[sahajshekha.com/product-tag/digital-education/index.html]
[sahajshekha.com/wp-json/wp/v2/product_tag/29.json]
[sahajshekha.com/product-tag/e-learning-bangladesh/index.html]
[sahajshekha.com/wp-json/wp/v2/product_tag/22.json]
[sahajshekha.com/product-tag/easy-learning/index.html]
[sahajshekha.com/wp-json/wp/v2/product_tag/19.json]
[sahajshekha.com/product-tag/education/index.html]
[sahajshekha.com/wp-json/wp/v2/product_tag/28.json]
[sahajshekha.com/product-tag/exam-preparation/index.html]
[sahajshekha.com/wp-json/wp/v2/product_tag/30.json]
[sahajshekha.com/product-tag/interactive-learning/index.html]
[sahajshekha.com/wp-json/wp/v2/product_tag/37.json]
[sahajshekha.com/product-tag/mobile-learning/index.html]
[sahajshekha.com/wp-json/wp/v2/product_tag/20.json]
[sahajshekha.com/product-tag/online-learning/index.html]
[sahajshekha.com/wp-json/wp/v2/product_tag/35.json]
[sahajshekha.com/product-tag/practical-learning/index.html]
[sahajshekha.com/wp-json/wp/v2/product_tag/23.json]
[sahajshekha.com/product-tag/sahaj-shekha/index.html]
[sahajshekha.com/wp-json/wp/v2/product_tag/34.json]
[sahajshekha.com/product-tag/school-subjects/index.html]
[sahajshekha.com/wp-json/wp/v2/product_tag/25.json]
[sahajshekha.com/product-tag/science-learning/index.html]
[sahajshekha.com/wp-json/wp/v2/product_tag/38.json]
[sahajshekha.com/product-tag/self-paced-learning/index.html]
[sahajshekha.com/wp-json/wp/v2/product_tag/27.json]
[sahajshekha.com/product-tag/smart-study/index.html]
[sahajshekha.com/wp-json/wp/v2/product_tag/36.json]
[sahajshekha.com/product-tag/student-support/index.html]
[sahajshekha.com/wp-json/wp/v2/product_tag/31.json]
[sahajshekha.com/product-tag/study-anytime-anywhere/index.html]
[sahajshekha.com/wp-json/wp/v2/product_tag/33.json]
[sahajshekha.com/product-tag/video-lessons/index.html]
[sahajshekha.com/wp-json/wp/v2/product/227.json]
[sahajshekha.com/wp-json/oembed/1.0/embed1012.json]
[sahajshekha.com/wp-json/oembed/1.0/embed308b]
[sahajshekha.com/wp-content/uploads/2025/04/Class-10-Common.png]
[sahajshekha.com/wp-content/uploads/2025/04/Class-10-Common-600x369.png]
[sahajshekha.com/product/class-10-common-q1/index.html]
[sahajshekha.com/product-tag/বাংলা-ট্যাগসমূহ-নবম-শ্রে/index.html]
[sahajshekha.com/product-tag/best-online-class/index.html]
[sahajshekha.com/wp-json/wp/v2/product/221.json]
[sahajshekha.com/product-tag/best-online-education-platform-in-bangladesh/index.html]
[sahajshekha.com/product-tag/best-teachers-class/index.html]
[sahajshekha.com/wp-json/oembed/1.0/embed3575.json]
[sahajshekha.com/product-tag/board-exam-preparation/index.html]
[sahajshekha.com/product-tag/class-10-english-class/index.html]
[sahajshekha.com/product-tag/class-10-history-class/index.html]
[sahajshekha.com/wp-json/oembed/1.0/embed7304]
[sahajshekha.com/product-tag/class-10-math-online-class/index.html]
[sahajshekha.com/product-tag/class-10-online-course/index.html]
[sahajshekha.com/product-tag/class-10-science-class/index.html]
[sahajshekha.com/wp-content/uploads/2025/02/Class-9-Science.jpg]
[sahajshekha.com/product-tag/digital-education-in-bangladesh/index.html]
[sahajshekha.com/product-tag/class-10-social-science-class/index.html]
[sahajshekha.com/product-tag/digital-learning/index.html]
[sahajshekha.com/wp-content/uploads/2025/02/Class-9-Science-600x369.jpg]
[sahajshekha.com/product/class-9-science-q1/index.html]
[sahajshekha.com/product-tag/educational-videos/index.html]
[sahajshekha.com/product-tag/e-learning-in-bangladesh/index.html]
[sahajshekha.com/product-tag/digital-technology-learning/index.html]
[sahajshekha.com/product-tag/english-class/index.html]
[sahajshekha.com/product-tag/facebook-group-support/index.html]
[sahajshekha.com/wp-json/wp/v2/product/237.json]
[sahajshekha.com/product-tag/history-and-social-science/index.html]
[sahajshekha.com/product-tag/learn-easily/index.html]
[sahajshekha.com/product-tag/math-class/index.html]
[sahajshekha.com/wp-json/oembed/1.0/embedb081.json]
[sahajshekha.com/product-tag/online-class-for-ssc-students/index.html]
[sahajshekha.com/product-tag/online-class-for-students/index.html]
[sahajshekha.com/product-tag/online-education/index.html]
[sahajshekha.com/wp-json/oembed/1.0/embed34fe]
[sahajshekha.com/product-tag/online-education-in-bangladesh/index.html]
[sahajshekha.com/product-tag/online-school/index.html]
[sahajshekha.com/product-tag/online-school-in-bangladesh/index.html]
[sahajshekha.com/wp-content/uploads/2025/02/Class-10-Science.jpg]
[sahajshekha.com/wp-content/uploads/2025/02/Class-10-Science-600x369.jpg]
[sahajshekha.com/product-tag/science-class/index.html]
[sahajshekha.com/product/class-10-science-jan-feb-mar/index.html]
[sahajshekha.com/product-tag/secondary-education/index.html]
[sahajshekha.com/product-tag/secondary-math-course/index.html]
[sahajshekha.com/product-tag/secondary-english-course/index.html]
[sahajshekha.com/product-tag/secondary-science-course/index.html]
[sahajshekha.com/product-tag/ssc-exam-preparation/index.html]
[sahajshekha.com/wp-json/wp/v2/product/201.json]
[sahajshekha.com/product-tag/study-anytime/index.html]
[sahajshekha.com/product-tag/study-from-home/index.html]
[sahajshekha.com/product-tag/study-with-mobile/index.html]
[sahajshekha.com/wp-json/oembed/1.0/embeded09.json]
[sahajshekha.com/product-tag/teacher-support/index.html]
[sahajshekha.com/product-tag/video-class/index.html]
[sahajshekha.com/product-tag/অনলাইন-শিক্ষা/index.html]
[sahajshekha.com/product-tag/অনলাইন-স্কুল/index.html]
[sahajshekha.com/wp-json/oembed/1.0/embedc5fd]
[sahajshekha.com/product-tag/ইতিহাস-ও-সামাজিক-বিজ্ঞান/index.html]
[sahajshekha.com/product-tag/ইংরেজি-ক্লাস/index.html]
[sahajshekha.com/product-tag/এসএসসি-প্রস্তুতি/index.html]
[sahajshekha.com/wp-content/uploads/2025/04/Class-9-Common.png]
[sahajshekha.com/product-tag/গণিত-ক্লাস/index.html]
[sahajshekha.com/product-tag/ঘরে-বসে-পড়াশোনা/index.html]
[sahajshekha.com/wp-content/uploads/2025/04/Class-9-Common-600x369.png]
[sahajshekha.com/product/class-9-common-subjects-online-class/index.html]
[sahajshekha.com/product-tag/ডিজিটাল-শিক্ষা/index.html]
[sahajshekha.com/product-tag/দশম-শ্রেণির-অনলাইন-কোর্স/index.html]
[sahajshekha.com/wp-content/uploads/elementor/css/post-665fe6e.css]
[sahajshekha.com/product-tag/ফেসবুক-গ্রুপ-সাপোর্ট/index.html]
[sahajshekha.com/index2bcd.html]
[sahajshekha.com/product-tag/বাংলাদেশে-অনলাইন-শিক্ষা/index.html]
[sahajshekha.com/student-registration/index4d42.html]
[sahajshekha.com/product-tag/বিজ্ঞান-ক্লাস/index.html]
[sahajshekha.com/product-tag/বোর্ড-পরীক্ষার-প্রস্তুতি/index.html]
[sahajshekha.com/product-tag/ভিডিও-ক্লাস/index.html]
[sahajshekha.com/wp-content/uploads/elementor/css/post-679920f.css]
[sahajshekha.com/product-tag/মাধ্যমিক-ইংরেজি-কোর্স/index.html]
[sahajshekha.com/indexb4ec.html]
[sahajshekha.com/product-tag/মাধ্যমিক-গণিত-কোর্স/index.html]
[sahajshekha.com/product-tag/মাধ্যমিক-শিক্ষা/index.html]
[sahajshekha.com/product-tag/মাধ্যমিক-বিজ্ঞান-কোর্স/index.html]
[sahajshekha.com/product-tag/মোবাইলে-পড়াশোনা/index.html]
[sahajshekha.com/student-registration/index9a15.html]
[sahajshekha.com/product-tag/যেকোনো-সময়-পড়াশোনা/index.html]
[sahajshekha.com/product-tag/শিক্ষকদের-সহায়তা/index.html]
[sahajshekha.com/product-tag/শিক্ষামূলক-ভিডিও/index.html]
[sahajshekha.com/product-tag/সহজ-পাঠদান/index.html]
[sahajshekha.com/wp-content/plugins/tutor-pro/addons/tutor-certificate/assets/images/certificate-frame.png]
[sahajshekha.com/wp-content/plugins/tutor-pro/assets/css/course-detailsee9a.css]
[sahajshekha.com/wp-content/plugins/tutor/assets/lib/plyr/plyree9a.css]
[sahajshekha.com/product-tag/সহজে-শিখুন/index.html]
[sahajshekha.com/indexf573.html]
[sahajshekha.com/product-tag/সেরা-শিক্ষকদের-ক্লাস/index.html]
[sahajshekha.com/product-tag/সেরা-অনলাইন-ক্লাস/index.html]
[sahajshekha.com/product-tag/9-higher-math-class/index.html]
[sahajshekha.com/courses/math-and-english-basic-to-advanced-online-class-for-ssc/_https_/facebook.com/sahajshekha_facebook.com/sahajshekha/abr.html]
[sahajshekha.com/product-tag/bangla-class/index.html]
[sahajshekha.com/product-tag/class-9-biology-class/index.html]
[sahajshekha.com/courses/math-and-english-basic-to-advanced-online-class-for-ssc/_https_/youtube.com/@sahajshekha_youtube.com/@sahajshekha/a/phr.html]
[sahajshekha.com/product-tag/class-9-chemistry-class/index.html]
[sahajshekha.com/courses/math-and-english-basic-to-advanced-online-class-for-ssc/lessons/১ম-অধ্যায়-বাস্তব-সংখ্যা-part-11/index.html]
[sahajshekha.com/courses/math-and-english-basic-to-advanced-online-class-for-ssc/lessons/১ম-অধ্যায়-বাস্তব-সংখ্যা-part-12/index.html]
[sahajshekha.com/product-tag/class-9-online-course/index.html]
[sahajshekha.com/courses/math-and-english-basic-to-advanced-online-class-for-ssc/lessons/১ম-অধ্যায়-বাস্তব-সংখ্যা-part-13/index.html]
[sahajshekha.com/product-tag/class-9-course/index.html]
[sahajshekha.com/product-tag/class-9-physics-class/index.html]
[sahajshekha.com/product-tag/class-9-study/index.html]
[sahajshekha.com/product-tag/class-9-science-class/index.html]
[sahajshekha.com/product-tag/class-nine-science-online-class/index.html]
[sahajshekha.com/wp-json/oembed/1.0/embed62db.json]
[sahajshekha.com/product-tag/ssc-preparation/index.html]
[sahajshekha.com/product-tag/উচ্চতর-গনিত/index.html]
[sahajshekha.com/product-tag/জীব-বিজ্ঞান/index.html]
[sahajshekha.com/product-tag/নবম-শ্রেনির-উচ্চতর-গনিত-ক/index.html]
[sahajshekha.com/wp-json/oembed/1.0/embedcaf6]
[sahajshekha.com/product-tag/নবম-শ্রেনির-জীব-বিজ্ঞান-ক/index.html]
[sahajshekha.com/product-tag/নবম-শ্রেনির-পদার্থ-বিজ্ঞ/index.html]
[sahajshekha.com/courses/math-and-english-basic-to-advanced-online-class-for-ssc/lessons/unit-1-lesson-2-part-1-3/index.html]
[sahajshekha.com/product-tag/নবম-শ্রেনির-রসায়ন-ক্লাস/index.html]
[sahajshekha.com/product-tag/পদার্থ-বিজ্ঞান/index.html]
[sahajshekha.com/product-tag/রসায়ন/index.html]
[sahajshekha.com/product-tag/class-10-biology-class/index.html]
[sahajshekha.com/wp-json/oembed/1.0/embed6504.json]
[sahajshekha.com/product-tag/class-10-chemistry-class/index.html]
[sahajshekha.com/product-tag/class-10-higher-math-class/index.html]
[sahajshekha.com/product-tag/class-10-physics-class/index.html]
[sahajshekha.com/product-tag/class-9-bangla-class/index.html]
[sahajshekha.com/product-tag/class-10-study/index.html]
[sahajshekha.com/product-tag/class-9-english-class/index.html]
[sahajshekha.com/wp-json/oembed/1.0/embed782b]
[sahajshekha.com/product-tag/class-9-history-class/index.html]
[sahajshekha.com/courses/math-and-english-basic-to-advanced-online-class-for-ssc/lessons/unit-1-lesson-2-part-2-2-2/index.html]
[sahajshekha.com/product-tag/class-9-math-online-class/index.html]
[sahajshekha.com/product-tag/class-9-social-science-class/index.html]
[sahajshekha.com/courses/math-and-english-basic-to-advanced-online-class-for-ssc/lessons/১ম-অধ্যায়-বাস্তব-সংখ্যা-part-15/index.html]
[sahajshekha.com/wp-json/oembed/1.0/embed493d.json]
[sahajshekha.com/wp-json/oembed/1.0/embedb6de]
[sahajshekha.com/courses/math-and-english-basic-to-advanced-online-class-for-ssc/lessons/unit-1-lesson-3-part-1-2-2/index.html]
[sahajshekha.com/student-registration/indexfeab.html]
[sahajshekha.com/course-tag/৯ম-শ্রেণীর-অনলাইন-ক্লাস/index.html]
[sahajshekha.com/course-tag/৯ম-শ্রেণীর-ইংরেজি-ক্লাস/index.html]
[sahajshekha.com/course-tag/৯ম-শ্রেণীর-কোর্স/index.html]
[sahajshekha.com/course-tag/৯ম-শ্রেণীর-গণিত/index.html]
[sahajshekha.com/course-tag/৯ম-শ্রেণীর-পড়াশোনা/index.html]
[sahajshekha.com/wp-json/wp/v2/course-tag/105.json]
[sahajshekha.com/course-tag/best-online-class-in-bangladesh/index.html]
[sahajshekha.com/courses/math-and-english-basic-to-advanced-online-class-for-ssc/lessons/unit-1-lesson-3-part-2-3/index.html]
[sahajshekha.com/wp-json/wp/v2/course-tag/116.json]
[sahajshekha.com/course-tag/best-online-education-platform-in-bangladesh/index.html]
[sahajshekha.com/author/sahajwpadmin/index.html]
[sahajshekha.com/wp-json/wp/v2/course-tag/102.json]
[sahajshekha.com/course-tag/best-online-school-in-bangladesh/index.html]
[sahajshekha.com/wp-json/wp/v2/course-tag/98.json]
[sahajshekha.com/course-tag/best-teachers-class-in-bangladesh/index.html]
[sahajshekha.com/wp-json/wp/v2/course-tag/167.json]
[sahajshekha.com/course-tag/class-9-course-in-bangladesh/index.html]
[sahajshekha.com/wp-json/wp/v2/course-tag/168.json]
[sahajshekha.com/course-tag/class-9-english-class/index.html]
[sahajshekha.com/wp-json/wp/v2/course-tag/169.json]
[sahajshekha.com/course-tag/class-9-math-online-class/index.html]
[sahajshekha.com/wp-json/wp/v2/course-tag/170.json]
[sahajshekha.com/course-tag/class-9-online-class-in-bangladesh/index.html]
[sahajshekha.com/wp-json/wp/v2/course-tag/172.json]
[sahajshekha.com/course-tag/class-9-study/index.html]
[sahajshekha.com/wp-json/wp/v2/course-tag/173.json]
[sahajshekha.com/course-tag/class-9-study-in-bangladesh/index.html]
[sahajshekha.com/wp-json/wp/v2/course-tag/115.json]
[sahajshekha.com/course-tag/digital-education-in-bangladesh/index.html]
[sahajshekha.com/wp-json/wp/v2/course-tag/94.json]
[sahajshekha.com/course-tag/digital-learning-in-bangladesh/index.html]
[sahajshekha.com/wp-json/wp/v2/course-tag/74.json]
[sahajshekha.com/course-tag/e-learning-bangladesh/index.html]
[sahajshekha.com/wp-json/wp/v2/course-tag/174.json]
[sahajshekha.com/course-tag/english-class-for-class-9/index.html]
[sahajshekha.com/wp-json/wp/v2/course-tag/104.json]
[sahajshekha.com/course-tag/facebook-group-support-in-sahaj-shekha/index.html]
[sahajshekha.com/wp-json/wp/v2/course-tag/96.json]
[sahajshekha.com/course-tag/learn-easily-online-in-bangladesh/index.html]
[sahajshekha.com/wp-json/wp/v2/course-tag/175.json]
[sahajshekha.com/course-tag/math-class-for-class-9/index.html]
[sahajshekha.com/wp-json/wp/v2/course-tag/99.json]
[sahajshekha.com/course-tag/mobile-learning-in-bangladesh/index.html]
[sahajshekha.com/wp-json/wp/v2/course-tag/48.json]
[sahajshekha.com/course-tag/online-class-bangladesh/index.html]
[sahajshekha.com/wp-json/wp/v2/course-tag/176.json]
[sahajshekha.com/course-tag/online-class-for-class-9-in-bangladesh/index.html]
[sahajshekha.com/wp-json/wp/v2/course-tag/106.json]
[sahajshekha.com/course-tag/online-education-in-bangladesh/index.html]
[sahajshekha.com/wp-json/wp/v2/course-tag/110.json]
[sahajshekha.com/course-tag/online-learning-in-bangladesh/index.html]
[sahajshekha.com/wp-json/wp/v2/course-tag/101.json]
[sahajshekha.com/course-tag/sohoj-online-class-for-students/index.html]
[sahajshekha.com/wp-json/wp/v2/course-tag/100.json]
[sahajshekha.com/course-tag/study-from-home-in-bangladesh/index.html]
[sahajshekha.com/wp-json/wp/v2/course-tag/178.json]
[sahajshekha.com/course-tag/video-class-for-class-9-in-bangladesh/index.html]
[sahajshekha.com/course-tag/অনলাইন-পড়াশোনা/index.html]
[sahajshekha.com/course-tag/অনলাইন-শিক্ষা/index.html]
[sahajshekha.com/course-tag/অনলাইন-স্কুল/index.html]
[sahajshekha.com/course-tag/ইংরেজি-ক্লাস/index.html]
[sahajshekha.com/course-tag/গণিত-ক্লাস/index.html]
[sahajshekha.com/course-tag/ঘরে-বসে-পড়াশোনা/index.html]
[sahajshekha.com/course-tag/ডিজিটাল-লার্নিং/index.html]
[sahajshekha.com/course-tag/ফেসবুক-গ্রুপ-সাপোর্ট/index.html]
[sahajshekha.com/course-tag/বাংলা-ক্লাস/index.html]
[sahajshekha.com/course-tag/ভিডিও-ক্লাস/index.html]
[sahajshekha.com/course-tag/মোবাইল-দিয়ে-পড়াশোনা/index.html]
[sahajshekha.com/course-tag/মোবাইলে-পড়াশোনা/index.html]
[sahajshekha.com/course-tag/শিক্ষার্থীদের-জন্য-অনলাই/index.html]
[sahajshekha.com/course-tag/সহজ-পাঠদান/index.html]
[sahajshekha.com/course-tag/সহজ-শেখা/index.html]
[sahajshekha.com/course-tag/সহজে-শিখুন/index.html]
[sahajshekha.com/course-tag/সেরা-অনলাইন-ক্লাস/index.html]
[sahajshekha.com/course-tag/সেরা-শিক্ষকদের-ক্লাস/index.html]
[sahajshekha.com/student-registration/index75ed.html]
[sahajshekha.com/student-registration/index.html]
[sahajshekha.com/index64b4.html]
[sahajshekha.com/student-registration/index192c.html]
[sahajshekha.com/product/১০ম-শ্রেনির-বিজ্ঞান-গ্রু/index.html]
[sahajshekha.com/product/basic-to-advanced-math-english-online-class-for-ssc/index.html]
[sahajshekha.com/product/ssc-math-english-online-class/index.html]
[sahajshekha.com/product/math-and-english-basic-to-advanced-online-class-for-ssc/index.html]
[sahajshekha.com/wp-includes/js/mediaelement/mejs-controls.svg]
[sahajshekha.com/wp-content/plugins/woocommerce/assets/css/photoswipe/default-skin/default-skin.svg]
[sahajshekha.com/index9a88.html]
[sahajshekha.com/product-tag/বাংলা-ট্যাগসমূহ-নবম-শ্রে/index.html]
[sahajshekha.com/product-tag/best-online-class/index.html]
[sahajshekha.com/product-tag/best-online-education-platform-in-bangladesh/index.html]
[sahajshekha.com/product-tag/best-teachers-class/index.html]
[sahajshekha.com/product-tag/board-exam-preparation/index.html]
[sahajshekha.com/product-tag/class-10-english-class/index.html]
[sahajshekha.com/product-tag/class-10-history-class/index.html]
[sahajshekha.com/product-tag/class-10-math-online-class/index.html]
[sahajshekha.com/product-tag/class-10-online-course/index.html]
[sahajshekha.com/product-tag/class-10-science-class/index.html]
[sahajshekha.com/product-tag/class-10-social-science-class/index.html]
[sahajshekha.com/product-tag/digital-education-in-bangladesh/index.html]
[sahajshekha.com/product-tag/digital-learning/index.html]
[sahajshekha.com/product-tag/digital-technology-learning/index.html]
[sahajshekha.com/product-tag/e-learning-in-bangladesh/index.html]
[sahajshekha.com/product-tag/educational-videos/index.html]
[sahajshekha.com/product-tag/english-class/index.html]
[sahajshekha.com/product-tag/facebook-group-support/index.html]
[sahajshekha.com/product-tag/history-and-social-science/index.html]
[sahajshekha.com/product-tag/learn-easily/index.html]
[sahajshekha.com/product-tag/math-class/index.html]
[sahajshekha.com/product-tag/online-class-for-ssc-students/index.html]
[sahajshekha.com/product-tag/online-class-for-students/index.html]
[sahajshekha.com/product-tag/online-education/index.html]
[sahajshekha.com/product-tag/online-education-in-bangladesh/index.html]
[sahajshekha.com/product-tag/online-school/index.html]
[sahajshekha.com/product-tag/online-school-in-bangladesh/index.html]
[sahajshekha.com/product-tag/science-class/index.html]
[sahajshekha.com/product-tag/secondary-education/index.html]
[sahajshekha.com/product-tag/secondary-english-course/index.html]
[sahajshekha.com/product-tag/secondary-math-course/index.html]
[sahajshekha.com/product-tag/secondary-science-course/index.html]
[sahajshekha.com/product-tag/ssc-exam-preparation/index.html]
[sahajshekha.com/product-tag/study-anytime/index.html]
[sahajshekha.com/product-tag/study-from-home/index.html]
[sahajshekha.com/product-tag/study-with-mobile/index.html]
[sahajshekha.com/product-tag/teacher-support/index.html]
[sahajshekha.com/product-tag/video-class/index.html]
[sahajshekha.com/product-tag/অনলাইন-শিক্ষা/index.html]
[sahajshekha.com/product-tag/অনলাইন-স্কুল/index.html]
[sahajshekha.com/product-tag/ইতিহাস-ও-সামাজিক-বিজ্ঞান/index.html]
[sahajshekha.com/product-tag/ইংরেজি-ক্লাস/index.html]
[sahajshekha.com/product-tag/এসএসসি-প্রস্তুতি/index.html]
[sahajshekha.com/product-tag/গণিত-ক্লাস/index.html]
[sahajshekha.com/product-tag/ঘরে-বসে-পড়াশোনা/index.html]
[sahajshekha.com/product-tag/ডিজিটাল-শিক্ষা/index.html]
[sahajshekha.com/product-tag/দশম-শ্রেণির-অনলাইন-কোর্স/index.html]
[sahajshekha.com/product-tag/ফেসবুক-গ্রুপ-সাপোর্ট/index.html]
[sahajshekha.com/product-tag/বাংলাদেশে-অনলাইন-শিক্ষা/index.html]
[sahajshekha.com/product-tag/বিজ্ঞান-ক্লাস/index.html]
[sahajshekha.com/product-tag/বোর্ড-পরীক্ষার-প্রস্তুতি/index.html]
[sahajshekha.com/product-tag/ভিডিও-ক্লাস/index.html]
[sahajshekha.com/product-tag/মাধ্যমিক-ইংরেজি-কোর্স/index.html]
[sahajshekha.com/product-tag/মাধ্যমিক-গণিত-কোর্স/index.html]
[sahajshekha.com/product-tag/মাধ্যমিক-বিজ্ঞান-কোর্স/index.html]
[sahajshekha.com/product-tag/মাধ্যমিক-শিক্ষা/index.html]
[sahajshekha.com/product-tag/মোবাইলে-পড়াশোনা/index.html]
[sahajshekha.com/product-tag/যেকোনো-সময়-পড়াশোনা/index.html]
[sahajshekha.com/product-tag/শিক্ষকদের-সহায়তা/index.html]
[sahajshekha.com/product-tag/শিক্ষামূলক-ভিডিও/index.html]
[sahajshekha.com/product-tag/সহজ-পাঠদান/index.html]
[sahajshekha.com/product-tag/সহজে-শিখুন/index.html]
[sahajshekha.com/product-tag/সেরা-অনলাইন-ক্লাস/index.html]
[sahajshekha.com/product-tag/সেরা-শিক্ষকদের-ক্লাস/index.html]
[sahajshekha.com/indexd5db.html]
[sahajshekha.com/product-tag/9-higher-math-class/index.html]
[sahajshekha.com/product-tag/bangla-class/index.html]
[sahajshekha.com/product-tag/class-9-biology-class/index.html]
[sahajshekha.com/product-tag/class-9-chemistry-class/index.html]
[sahajshekha.com/product-tag/class-9-course/index.html]
[sahajshekha.com/product-tag/class-9-online-course/index.html]
[sahajshekha.com/product-tag/class-9-physics-class/index.html]
[sahajshekha.com/product-tag/class-9-science-class/index.html]
[sahajshekha.com/product-tag/class-9-study/index.html]
[sahajshekha.com/product-tag/class-nine-science-online-class/index.html]
[sahajshekha.com/product-tag/ssc-preparation/index.html]
[sahajshekha.com/product-tag/উচ্চতর-গনিত/index.html]
[sahajshekha.com/product-tag/জীব-বিজ্ঞান/index.html]
[sahajshekha.com/product-tag/নবম-শ্রেনির-উচ্চতর-গনিত-ক/index.html]
[sahajshekha.com/product-tag/নবম-শ্রেনির-জীব-বিজ্ঞান-ক/index.html]
[sahajshekha.com/product-tag/নবম-শ্রেনির-পদার্থ-বিজ্ঞ/index.html]
[sahajshekha.com/product-tag/নবম-শ্রেনির-রসায়ন-ক্লাস/index.html]
[sahajshekha.com/product-tag/পদার্থ-বিজ্ঞান/index.html]
[sahajshekha.com/product-tag/রসায়ন/index.html]
[sahajshekha.com/index8a71.html]
[sahajshekha.com/product-tag/class-10-biology-class/index.html]
[sahajshekha.com/product-tag/class-10-chemistry-class/index.html]
[sahajshekha.com/product-tag/class-10-higher-math-class/index.html]
[sahajshekha.com/product-tag/class-10-physics-class/index.html]
[sahajshekha.com/product-tag/class-10-study/index.html]
[sahajshekha.com/index5721.html]
[sahajshekha.com/product-tag/class-9-bangla-class/index.html]
[sahajshekha.com/product-tag/class-9-english-class/index.html]
[sahajshekha.com/product-tag/class-9-history-class/index.html]
[sahajshekha.com/product-tag/class-9-math-online-class/index.html]
[sahajshekha.com/product-tag/class-9-social-science-class/index.html]
[sahajshekha.com/index71e2.html]
[sahajshekha.com/courses/math-and-english-basic-to-advanced-online-class-for-ssc/lessons/১ম-অধ্যায়-বাস্তব-সংখ্যা-part-15/index.html]
[sahajshekha.com/index9af7.html]
[sahajshekha.com/indexaaab.html]
[sahajshekha.com/courses/math-and-english-basic-to-advanced-online-class-for-ssc/lessons/unit-1-lesson-3-part-2-3/index.html]
[sahajshekha.com/author/sahajwpadmin/index.html]
